2026-10-04T11:36:27Z specialist qualification candidate procedure started (existing pair failed: SCK_4V4_CONFIRM Delta_B -0.172)
2026-10-04T11:36:27Z exec[train_A1]: experiments/train_specialist_scale.py --team-size 4 --policy A --total-timesteps 1000000 --entity-repair-enabled --entity-hidden-dim 32 --load-path artifacts/scale_4v4_specialists/pi_A_specialist_4v4_b3/ckpts/final_pi_A_specialist_4v4_b3.zip --seed 28900001 --device cuda --experiment-id SQ_4V4_CAND_A1_TRAIN --run-label-suffix _sq_candA1
2026-10-04T11:37:27Z exec[train_B1]: experiments/train_specialist_scale.py --team-size 4 --policy B --total-timesteps 1000000 --entity-repair-enabled --entity-hidden-dim 32 --pole-b-genome-json artifacts/strategic_demand/sppo/pole_b2_candidates/B3-3_lockdef10_2v1.json --load-path artifacts/scale_4v4_specialists/pi_B_specialist_4v4_b3/ckpts/final_pi_B_specialist_4v4_b3.zip --seed 29200001 --device cuda --experiment-id SQ_4V4_CAND_B1_TRAIN --run-label-suffix _sq_candB1
2026-10-04T11:38:27Z exec[train_A2]: experiments/train_specialist_scale.py --team-size 4 --policy A --total-timesteps 1000000 --entity-repair-enabled --entity-hidden-dim 32 --load-path artifacts/scale_4v4_specialists/pi_A_specialist_4v4_b3/ckpts/final_pi_A_specialist_4v4_b3.zip --seed 29000001 --device cuda --experiment-id SQ_4V4_CAND_A2_TRAIN --run-label-suffix _sq_candA2
2026-10-04T16:45:28Z train_A1 exited 0
2026-10-04T16:45:28Z exec[train_B2]: experiments/train_specialist_scale.py --team-size 4 --policy B --total-timesteps 1000000 --entity-repair-enabled --entity-hidden-dim 32 --pole-b-genome-json artifacts/strategic_demand/sppo/pole_b2_candidates/B3-3_lockdef10_2v1.json --load-path artifacts/scale_4v4_specialists/pi_B_specialist_4v4_b3/ckpts/final_pi_B_specialist_4v4_b3.zip --seed 29300001 --device cuda --experiment-id SQ_4V4_CAND_B2_TRAIN --run-label-suffix _sq_candB2
2026-10-04T16:53:58Z train_A2 exited 0
2026-10-04T16:53:58Z exec[train_A3]: experiments/train_specialist_scale.py --team-size 4 --policy A --total-timesteps 1000000 --entity-repair-enabled --entity-hidden-dim 32 --load-path artifacts/scale_4v4_specialists/pi_A_specialist_4v4_b3/ckpts/final_pi_A_specialist_4v4_b3.zip --seed 29100001 --device cuda --experiment-id SQ_4V4_CAND_A3_TRAIN --run-label-suffix _sq_candA3
2026-10-04T17:07:28Z train_B1 exited 0
2026-10-04T17:07:28Z exec[train_B3]: experiments/train_specialist_scale.py --team-size 4 --policy B --total-timesteps 1000000 --entity-repair-enabled --entity-hidden-dim 32 --pole-b-genome-json artifacts/strategic_demand/sppo/pole_b2_candidates/B3-3_lockdef10_2v1.json --load-path artifacts/scale_4v4_specialists/pi_B_specialist_4v4_b3/ckpts/final_pi_B_specialist_4v4_b3.zip --seed 29400001 --device cuda --experiment-id SQ_4V4_CAND_B3_TRAIN --run-label-suffix _sq_candB3
2026-10-04T22:03:58Z train_A3 exited 0
2026-10-04T22:08:28Z train_B2 exited 0
2026-10-04T22:29:28Z train_B3 exited 0
2026-10-04T22:29:59Z all 6 candidates trained: A1=93fac275d1f7, A2=008081a4354a, A3=dc61dc7ba067, B1=9637e9abada7, B2=872ab536f092, B3=4dcae52dbdb7
2026-10-04T22:29:59Z exec[select_c1]: experiments/eval_specialist_crossover_scaled.py --team-size 4 --spec artifacts/strategic_demand/sppo/SPECIALIST_QUALIFICATION_V1_4V4_EVAL_SPEC.json --seed-base 29500001 --n-seeds 64 --label SQ_4V4_SELECT_C1 --device cuda --pi-a-path artifacts/scale_4v4_specialists/pi_A_specialist_4v4_sq_candA1/ckpts/final_pi_A_specialist_4v4_sq_candA1.zip --pi-b-path artifacts/scale_4v4_specialists/pi_B_specialist_4v4_sq_candB1/ckpts/final_pi_B_specialist_4v4_sq_candB1.zip --registry-experiment-id SQ_4V4_SELECT --resume
2026-10-04T22:30:59Z exec[select_c2]: experiments/eval_specialist_crossover_scaled.py --team-size 4 --spec artifacts/strategic_demand/sppo/SPECIALIST_QUALIFICATION_V1_4V4_EVAL_SPEC.json --seed-base 29500001 --n-seeds 64 --label SQ_4V4_SELECT_C2 --device cuda --pi-a-path artifacts/scale_4v4_specialists/pi_A_specialist_4v4_sq_candA2/ckpts/final_pi_A_specialist_4v4_sq_candA2.zip --pi-b-path artifacts/scale_4v4_specialists/pi_B_specialist_4v4_sq_candB2/ckpts/final_pi_B_specialist_4v4_sq_candB2.zip --registry-experiment-id SQ_4V4_SELECT --resume
2026-10-04T22:31:59Z exec[select_c3]: experiments/eval_specialist_crossover_scaled.py --team-size 4 --spec artifacts/strategic_demand/sppo/SPECIALIST_QUALIFICATION_V1_4V4_EVAL_SPEC.json --seed-base 29500001 --n-seeds 64 --label SQ_4V4_SELECT_C3 --device cuda --pi-a-path artifacts/scale_4v4_specialists/pi_A_specialist_4v4_sq_candA3/ckpts/final_pi_A_specialist_4v4_sq_candA3.zip --pi-b-path artifacts/scale_4v4_specialists/pi_B_specialist_4v4_sq_candB3/ckpts/final_pi_B_specialist_4v4_sq_candB3.zip --registry-experiment-id SQ_4V4_SELECT --resume
2026-10-05T02:56:59Z select_c2 exited 1
2026-10-05T02:59:59Z select_c3 exited 1
2026-10-05T03:03:59Z select_c1 exited 1
2026-10-05T03:04:29Z SELECTION SEALED: A*=A3 B*=B2  A1: Q=+0.141, A2: Q=-0.016, A3: Q=+0.219, B1: Q=+0.016, B2: Q=+0.250, B3: Q=+0.109
2026-10-05T03:04:29Z exec[gate]: experiments/eval_specialist_crossover_scaled.py --team-size 4 --spec artifacts/strategic_demand/sppo/SPECIALIST_QUALIFICATION_V1_4V4_EVAL_SPEC.json --seed-base 29600001 --n-seeds 64 --label SQ_4V4_GATE --device cuda --pi-a-path artifacts/scale_4v4_specialists/pi_A_specialist_4v4_sq_candA3/ckpts/final_pi_A_specialist_4v4_sq_candA3.zip --pi-b-path artifacts/scale_4v4_specialists/pi_B_specialist_4v4_sq_candB2/ckpts/final_pi_B_specialist_4v4_sq_candB2.zip --registry-experiment-id SQ_4V4_GATE --resume
2026-10-05T05:57:30Z gate exited 1
2026-10-05T05:58:00Z GATE SEALED: Delta_A^base +0.234, Delta_B^base +0.078 -> QUALIFIED
2026-10-05T05:58:00Z exec[def_A]: experiments/train_specialist_scale.py --team-size 4 --policy A --seed 29700001 --device cuda --total-timesteps 200000 --entity-repair-enabled --entity-hidden-dim 32 --role-conditioning-enabled --role-hold-ticks 8 --role-fixed-for-episode --role-k-defend 1 --split-attack-defend-enabled --split-attack-defend-frozen-ckpt artifacts/scale_4v4_specialists/pi_A_specialist_4v4_sq_candA3/ckpts/final_pi_A_specialist_4v4_sq_candA3.zip --split-attack-defend-frozen-ckpt-sha256 dc61dc7ba0670acf97ccbea3e9818c7caceb9f1f24096a2c9ddce998d02e517c --load-path artifacts/scale_4v4_specialists/pi_A_specialist_4v4_sq_candA3/ckpts/final_pi_A_specialist_4v4_sq_candA3.zip --defend-teacher-lambda 0.1 --defend-teacher-lambda-end 0.0 --defend-teacher-decay-start-step 50000 --defend-teacher-decay-end-step 150000 --defend-teacher-cadence 4 --run-label-suffix _sq_def_k1 --symmetric-role-spec artifacts/strategic_demand/sppo/SPECIALIST_QUALIFICATION_V1_4V4_ROLE_AUTH_SPEC.json --experiment-id SQ_4V4_DEF_A_TRAIN
2026-10-05T05:59:00Z exec[def_B]: experiments/train_specialist_scale.py --team-size 4 --policy B --seed 29800001 --device cuda --total-timesteps 200000 --entity-repair-enabled --entity-hidden-dim 32 --role-conditioning-enabled --role-hold-ticks 8 --role-fixed-for-episode --role-k-defend 1 --split-attack-defend-enabled --split-attack-defend-frozen-ckpt artifacts/scale_4v4_specialists/pi_B_specialist_4v4_sq_candB2/ckpts/final_pi_B_specialist_4v4_sq_candB2.zip --split-attack-defend-frozen-ckpt-sha256 872ab536f0923c339025ad8312ca476171d0e34b3b62926b9c82c67aa5d40997 --load-path artifacts/scale_4v4_specialists/pi_B_specialist_4v4_sq_candB2/ckpts/final_pi_B_specialist_4v4_sq_candB2.zip --defend-teacher-lambda 0.1 --defend-teacher-lambda-end 0.0 --defend-teacher-decay-start-step 50000 --defend-teacher-decay-end-step 150000 --defend-teacher-cadence 4 --run-label-suffix _sq_def_k1 --symmetric-role-spec artifacts/strategic_demand/sppo/SPECIALIST_QUALIFICATION_V1_4V4_ROLE_AUTH_SPEC.json --experiment-id SQ_4V4_DEF_B_TRAIN
2026-10-05T07:39:30Z def_A exited 0
2026-10-05T07:42:00Z def_B exited 0
2026-10-05T07:42:30Z exec[role_dev_k0]: experiments/eval_specialist_crossover_scaled.py --team-size 4 --spec artifacts/strategic_demand/sppo/SPECIALIST_QUALIFICATION_V1_4V4_EVAL_SPEC.json --seed-base 29900001 --n-seeds 64 --label SQ_4V4_ROLE_DEV_K0 --device cuda --pi-a-path artifacts/scale_4v4_specialists/pi_A_specialist_4v4_sq_candA3/ckpts/final_pi_A_specialist_4v4_sq_candA3.zip --pi-b-path artifacts/scale_4v4_specialists/pi_B_specialist_4v4_sq_candB2/ckpts/final_pi_B_specialist_4v4_sq_candB2.zip --registry-experiment-id SQ_4V4_ROLE_DEV --resume
2026-10-05T07:43:30Z exec[role_dev_k1]: experiments/eval_specialist_crossover_scaled.py --team-size 4 --spec artifacts/strategic_demand/sppo/SPECIALIST_QUALIFICATION_V1_4V4_EVAL_SPEC.json --seed-base 29900001 --n-seeds 64 --label SQ_4V4_ROLE_DEV_K1 --device cuda --pi-a-path artifacts/scale_4v4_specialists/pi_A_specialist_4v4_sq_def_k1/ckpts/final_pi_A_specialist_4v4_sq_def_k1.zip --frozen-attack-path artifacts/scale_4v4_specialists/pi_A_specialist_4v4_sq_candA3/ckpts/final_pi_A_specialist_4v4_sq_candA3.zip --frozen-attack-path-sha256 dc61dc7ba0670acf97ccbea3e9818c7caceb9f1f24096a2c9ddce998d02e517c --pi-b-path artifacts/scale_4v4_specialists/pi_B_specialist_4v4_sq_def_k1/ckpts/final_pi_B_specialist_4v4_sq_def_k1.zip --frozen-attack-path-b artifacts/scale_4v4_specialists/pi_B_specialist_4v4_sq_candB2/ckpts/final_pi_B_specialist_4v4_sq_candB2.zip --frozen-attack-path-b-sha256 872ab536f0923c339025ad8312ca476171d0e34b3b62926b9c82c67aa5d40997 --role-fixed-for-episode --role-k-defend 1 --registry-experiment-id SQ_4V4_ROLE_DEV --resume
2026-10-05T11:57:31Z role_dev_k0 exited 1
2026-10-05T12:10:01Z role_dev_k1 exited 1
2026-10-05T12:10:31Z ROLE SELECTION SEALED: k* = 0  S = {0: 0.65625, 1: 0.5390625}
2026-10-05T12:10:31Z exec[confirm]: experiments/eval_specialist_crossover_scaled.py --team-size 4 --spec artifacts/strategic_demand/sppo/SPECIALIST_QUALIFICATION_V1_4V4_CONFIRM_EVAL_SPEC.json --seed-base 30000001 --n-seeds 128 --label SQ_4V4_CONFIRM --device cuda --pi-a-path artifacts/scale_4v4_specialists/pi_A_specialist_4v4_sq_candA3/ckpts/final_pi_A_specialist_4v4_sq_candA3.zip --pi-b-path artifacts/scale_4v4_specialists/pi_B_specialist_4v4_sq_candB2/ckpts/final_pi_B_specialist_4v4_sq_candB2.zip --resume
2026-10-05T17:52:31Z confirm exited 1
2026-10-05T17:53:02Z CONFIRMATION READOUT WRITTEN -- STOP (no Stage 4, no 2v2/6v6 without approval)
