K:\MultiAgentUAV\AICTFProject\game_field_gpu.py:583: UserWarning: Failed to load snapshot opponent policy from K:\MultiAgentUAV\AICTFProject\checkpoints_sb3\2v2\ppo_ablate_ours_seed43_2v2_league_snapshot_ep018600.zip: Unable to allocate 350. MiB for an array with shape (2048, 8, 2, 7, 20, 20) and data type float32
  self._snapshot_policy_cache[resolved] = (mtime, None)
[PPO] Agents: 2 per team (2v2) | mode=CURRICULUM_LEAGUE | run_tag='ppo_ablate_ours_seed43_2v2'
[PPO] Reward ablation: full (defaults)
[PPO] Total timesteps: 1,000,000
[PPO] Saves: final_ppo_ablate_ours_seed43_2v2.zip | snapshots/ckpts: ppo_ablate_ours_seed43_2v2_*
[PPO] Checkpoint dir: checkpoints_sb3\2v2
[PPO] Quiet mode: no per-episode logs (faster). Use --verbose-training to enable.
[PPO] Progress: steps every 50k timesteps; W/L/D summary + per-phase (OP1/OP2/OP3) every 1000 episodes.
[League] 2v2: using league mix (OP3=60%, species=20%, snapshots=20%)
[PPO] Using GPU-native batched env: n_envs=8, agents=2v2, device=cuda
[PPO] Using stable MARL PPO: lr=1.5e-4, n_epochs=2, clip_range=0.10, ent_coef=0.005, batch_size=1024, target_kl=0.02
[PPO] Phase OP1 complete: W=200 L=0 D=0 WR=100.0%
[PPO] Phase OP2 complete: W=200 L=0 D=0 WR=100.0%
[PPO] ep=1000 mode=CURR phase=OP3 opp=OP3 | total W=721 L=202 D=77 WR=72.1%
[PPO] ep=2000 mode=CURR phase=OP3 opp=OP3 | total W=1254 L=529 D=217 WR=62.7%
[PPO] ep=3000 mode=CURR phase=OP3 opp=OP3 | total W=1786 L=833 D=381 WR=59.5%
[PPO] ep=4000 mode=CURR phase=OP3 opp=OP3 | total W=2334 L=1151 D=515 WR=58.4%
[PPO] ep=5000 mode=CURR phase=OP3 opp=OP3 | total W=2877 L=1469 D=654 WR=57.5%
[PPO] ep=6000 mode=CURR phase=OP3 opp=OP3 | total W=3452 L=1771 D=777 WR=57.5%
[PPO] ep=7000 mode=CURR phase=OP3 opp=OP3 | total W=4009 L=2085 D=906 WR=57.3%
[PPO] ep=8000 mode=CURR phase=OP3 opp=OP3 | total W=4580 L=2365 D=1055 WR=57.2%
[PPO] ep=9000 mode=CURR phase=OP3 opp=OP3 | total W=5152 L=2644 D=1204 WR=57.2%
[PPO] ep=10000 mode=CURR phase=OP3 opp=OP3 | total W=5715 L=2951 D=1334 WR=57.1%
[PPO] ep=11000 mode=CURR phase=OP3 opp=OP3 | total W=6300 L=3228 D=1472 WR=57.3%
[PPO] ep=12000 mode=CURR phase=OP3 opp=OP3 | total W=6879 L=3515 D=1606 WR=57.3%
[PPO] ep=13000 mode=CURR phase=OP3 opp=OP3 | total W=7449 L=3813 D=1738 WR=57.3%
[League] 250k-step fallback: entering league at 250,040 steps (80% normal promotion not met)
[PPO] ep=14000 mode=LEAGUE phase=OP3 opp=mixed | total W=8009 L=4105 D=1886 WR=57.2%
[PPO] ep=15000 mode=LEAGUE phase=OP3 opp=mixed | total W=8574 L=4404 D=2022 WR=57.2%
[PPO] ep=16000 mode=LEAGUE phase=OP3 opp=mixed | total W=9121 L=4701 D=2178 WR=57.0%
[PPO] ep=17000 mode=LEAGUE phase=OP3 opp=mixed | total W=9679 L=5002 D=2319 WR=56.9%
[PPO] ep=18000 mode=LEAGUE phase=OP3 opp=mixed | total W=10208 L=5320 D=2472 WR=56.7%
[PPO] OOM. Model saved to: checkpoints_sb3\2v2\oom_save_ppo_ablate_ours_seed43_2v2.zip
[PPO] To continue: restart with lower memory (e.g. --device cpu, or reduce n_envs/n_steps in code for 8v8). Load the saved .zip and train with remaining steps if your setup supports resume.
Traceback (most recent call last):
  File "K:\MultiAgentUAV\AICTFProject\rl\train_ppo.py", line 2374, in <module>
    train_ppo(cfg)
  File "K:\MultiAgentUAV\AICTFProject\rl\train_ppo.py", line 2115, in train_ppo
    model.learn(total_timesteps=int(cfg.total_timesteps), callback=callbacks, **learn_kwargs)
  File "K:\MultiAgentUAV\AICTFProject\.venv\Lib\site-packages\stable_baselines3\ppo\ppo.py", line 311, in learn
    return super().learn(
           ^^^^^^^^^^^^^^
  File "K:\MultiAgentUAV\AICTFProject\.venv\Lib\site-packages\stable_baselines3\common\on_policy_algorithm.py", line 337, in learn
    self.train()
  File "K:\MultiAgentUAV\AICTFProject\.venv\Lib\site-packages\stable_baselines3\ppo\ppo.py", line 207, in train
    for rollout_data in self.rollout_buffer.get(self.batch_size):
  File "K:\MultiAgentUAV\AICTFProject\.venv\Lib\site-packages\stable_baselines3\common\buffers.py", line 814, in get
    self.observations[key] = self.swap_and_flatten(obs)
                             ^^^^^^^^^^^^^^^^^^^^^^^^^^
  File "K:\MultiAgentUAV\AICTFProject\.venv\Lib\site-packages\stable_baselines3\common\buffers.py", line 75, in swap_and_flatten
    return arr.swapaxes(0, 1).reshape(shape[0] * shape[1], *shape[2:])
           ^^^^^^^^^^^^^^^^^^^^^^^^^^^^^^^^^^^^^^^^^^^^^^^^^^^^^^^^^^^
numpy._core._exceptions._ArrayMemoryError: Unable to allocate 350. MiB for an array with shape (8, 2048, 2, 7, 20, 20) and data type float32
Exception ignored in: <function tqdm.__del__ at 0x0000016D87FD8A40>
Traceback (most recent call last):
  File "K:\MultiAgentUAV\AICTFProject\.venv\Lib\site-packages\tqdm\std.py", line 1148, in __del__
  File "K:\MultiAgentUAV\AICTFProject\.venv\Lib\site-packages\tqdm\rich.py", line 121, in close
  File "K:\MultiAgentUAV\AICTFProject\.venv\Lib\site-packages\rich\progress.py", line 1189, in __exit__
  File "K:\MultiAgentUAV\AICTFProject\.venv\Lib\site-packages\rich\progress.py", line 1175, in stop
  File "K:\MultiAgentUAV\AICTFProject\.venv\Lib\site-packages\rich\live.py", line 162, in stop
  File "K:\MultiAgentUAV\AICTFProject\.venv\Lib\site-packages\rich\console.py", line 870, in __exit__
  File "K:\MultiAgentUAV\AICTFProject\.venv\Lib\site-packages\rich\console.py", line 826, in _exit_buffer
  File "K:\MultiAgentUAV\AICTFProject\.venv\Lib\site-packages\rich\console.py", line 2038, in _check_buffer
  File "K:\MultiAgentUAV\AICTFProject\.venv\Lib\site-packages\rich\console.py", line 2067, in _write_buffer
ImportError: sys.meta_path is None, Python is likely shutting down
