[09:38:47] project root: K:\MultiAgentUAV\AICTFProject
[09:38:47] python:       K:\MultiAgentUAV\AICTFProject\.venv\Scripts\python.exe
[09:38:47] log dir:      K:\MultiAgentUAV\AICTFProject\logs\proof_ladder_20260530_093846
[09:38:47] rows:         6   seeds=0   include_option_a=True
[09:38:47] opp pool:     OP3 OP5 OP6
[09:38:47] eval opps:    OP3 OP4 OP5_RUSHER OP6_TURTLE
[09:38:47] latent modes: normal,uniform_random,shuffled   (no-latent rows always eval normal-only)
[09:38:47] 
[09:38:47] [preflight] verify every --preset resolves
[09:38:47] [preflight] K:\MultiAgentUAV\AICTFProject\.venv\Scripts\python.exe K:\MultiAgentUAV\AICTFProject\logs\proof_ladder_20260530_093846\_preflight_resolve_presets.py plan_faithful_no_latent plan_faithful_latent_k1 plan_faithful_latent_persist_entropy plan_faithful_latent_no_persistence plan_faithful_latent_no_entropy plan_faithful_latent_option_a
[09:38:47] 
[09:38:47] [A train] plan_faithful_no_latent_hardpool_1m_4v4   (no latent (baseline))
[09:38:47] [A train] SKIP (final checkpoint exists: checkpoints\4v4\final_plan_faithful_no_latent_hardpool_1m_4v4.zip)
[09:38:47] 
[09:38:47] [B train] plan_faithful_latent_k1_hardpool_1m_4v4   (K=1 collapsed latent (DAGGER))
[09:38:47] [B train] K:\MultiAgentUAV\AICTFProject\.venv\Scripts\python.exe -u rl/train_ppo.py --preset plan_faithful_latent_k1 --agents 4 --seed 0 --total-steps 1000000 --device cuda --n-envs 32 --n-epochs 6 --opponent-randomize --opponent-pool OP3 OP5 OP6 --e3-step-telemetry --checkpoint-dir checkpoints\4v4 --run-tag plan_faithful_latent_k1_hardpool_1m_4v4
[09:38:47] 
[09:38:47] [C train] plan_faithful_latent_persist_entropy_hardpool_1m_4v4   (K=4 + persistence + entropy (PRIMARY))
[09:38:47] [C train] K:\MultiAgentUAV\AICTFProject\.venv\Scripts\python.exe -u rl/train_ppo.py --preset plan_faithful_latent_persist_entropy --agents 4 --seed 0 --total-steps 1000000 --device cuda --n-envs 32 --n-epochs 6 --opponent-randomize --opponent-pool OP3 OP5 OP6 --e3-step-telemetry --checkpoint-dir checkpoints\4v4 --run-tag plan_faithful_latent_persist_entropy_hardpool_1m_4v4
[09:38:47] 
[09:38:47] [D train] plan_faithful_latent_no_persistence_hardpool_1m_4v4   (K=4, lambda_p = 0 (ablation))
[09:38:47] [D train] K:\MultiAgentUAV\AICTFProject\.venv\Scripts\python.exe -u rl/train_ppo.py --preset plan_faithful_latent_no_persistence --agents 4 --seed 0 --total-steps 1000000 --device cuda --n-envs 32 --n-epochs 6 --opponent-randomize --opponent-pool OP3 OP5 OP6 --e3-step-telemetry --checkpoint-dir checkpoints\4v4 --run-tag plan_faithful_latent_no_persistence_hardpool_1m_4v4
[09:38:47] 
[09:38:47] [E train] plan_faithful_latent_no_entropy_hardpool_1m_4v4   (K=4, lambda_H = 0 / entropy off (ablation))
[09:38:47] [E train] K:\MultiAgentUAV\AICTFProject\.venv\Scripts\python.exe -u rl/train_ppo.py --preset plan_faithful_latent_no_entropy --agents 4 --seed 0 --total-steps 1000000 --device cuda --n-envs 32 --n-epochs 6 --opponent-randomize --opponent-pool OP3 OP5 OP6 --e3-step-telemetry --checkpoint-dir checkpoints\4v4 --run-tag plan_faithful_latent_no_entropy_hardpool_1m_4v4
[09:38:47] 
[09:38:47] [F train] plan_faithful_latent_option_a_hardpool_1m_4v4   (K=4, episode-start z, lambda_p = 0, lambda_H = 0.001 (Fix D / Option A))
[09:38:47] [F train] K:\MultiAgentUAV\AICTFProject\.venv\Scripts\python.exe -u rl/train_ppo.py --preset plan_faithful_latent_option_a --agents 4 --seed 0 --total-steps 1000000 --device cuda --n-envs 32 --n-epochs 6 --opponent-randomize --opponent-pool OP3 OP5 OP6 --e3-step-telemetry --checkpoint-dir checkpoints\4v4 --run-tag plan_faithful_latent_option_a_hardpool_1m_4v4
[09:38:47] 
[09:38:47] [A eval]  plan_faithful_no_latent_hardpool_1m_4v4
[09:38:47] [A eval ] K:\MultiAgentUAV\AICTFProject\.venv\Scripts\python.exe -u experiments/eval_op4_zero_shot.py --checkpoint-dir checkpoints\4v4 --agents 4 --device cuda --episodes 200 --map-set eval --opponents OP3 OP4 OP5_RUSHER OP6_TURTLE --run-tags plan_faithful_no_latent_hardpool_1m_4v4 --latent-mode normal
[09:38:47] 
[09:38:47] [B eval]  plan_faithful_latent_k1_hardpool_1m_4v4
[09:38:47] [B eval]  SKIP (no checkpoint at checkpoints\4v4\final_plan_faithful_latent_k1_hardpool_1m_4v4.zip)
[09:38:47] 
[09:38:47] [C eval]  plan_faithful_latent_persist_entropy_hardpool_1m_4v4
[09:38:47] [C eval]  SKIP (no checkpoint at checkpoints\4v4\final_plan_faithful_latent_persist_entropy_hardpool_1m_4v4.zip)
[09:38:47] 
[09:38:47] [D eval]  plan_faithful_latent_no_persistence_hardpool_1m_4v4
[09:38:47] [D eval]  SKIP (no checkpoint at checkpoints\4v4\final_plan_faithful_latent_no_persistence_hardpool_1m_4v4.zip)
[09:38:47] 
[09:38:47] [E eval]  plan_faithful_latent_no_entropy_hardpool_1m_4v4
[09:38:47] [E eval]  SKIP (no checkpoint at checkpoints\4v4\final_plan_faithful_latent_no_entropy_hardpool_1m_4v4.zip)
[09:38:47] 
[09:38:47] [F eval]  plan_faithful_latent_option_a_hardpool_1m_4v4
[09:38:47] [F eval]  SKIP (no checkpoint at checkpoints\4v4\final_plan_faithful_latent_option_a_hardpool_1m_4v4.zip)
[09:38:47] [MI] no latent checkpoints available; skipping
[09:38:47] 
[09:38:47] [proof] joint proof table over: plan_faithful_no_latent_hardpool_1m_4v4
[09:38:47] [proof ] K:\MultiAgentUAV\AICTFProject\.venv\Scripts\python.exe -u experiments/build_proof_table.py --checkpoint-dir checkpoints\4v4 --run-tags plan_faithful_no_latent_hardpool_1m_4v4
[09:38:47] 
[09:38:47] ============================== SUMMARY ==============================
[09:38:47] log dir: K:\MultiAgentUAV\AICTFProject\logs\proof_ladder_20260530_093846
[09:38:47] row seed     run_tag                                                    train   ev:norm  ev:rand  ev:shuf  MI  
[09:38:47] --- ----     -------                                                    -----   ----     ----     ----     --  
[09:38:47] A   0        plan_faithful_no_latent_hardpool_1m_4v4                    OK      OK       n/a      n/a      -   
[09:38:47] B   0        plan_faithful_latent_k1_hardpool_1m_4v4                    OK      FAIL     FAIL     FAIL     -   
[09:38:47] C   0        plan_faithful_latent_persist_entropy_hardpool_1m_4v4       OK      FAIL     FAIL     FAIL     -   
[09:38:47] D   0        plan_faithful_latent_no_persistence_hardpool_1m_4v4        OK      FAIL     FAIL     FAIL     -   
[09:38:47] E   0        plan_faithful_latent_no_entropy_hardpool_1m_4v4            OK      FAIL     FAIL     FAIL     -   
[09:38:47] F   0        plan_faithful_latent_option_a_hardpool_1m_4v4              OK      FAIL     FAIL     FAIL     -   
[09:38:47] proof table: OK
[09:38:47] =====================================================================
[09:38:47] 
[09:38:47] READ FROM THE PROOF TABLE + COMPARISON CSV:
[09:38:47]   comparison: checkpoints\4v4\eval_op4_zero_shot\op4_zero_shot_comparison.csv
[09:38:47] 
[09:38:47] BIG GATES (Summer abstract is in business if these all pass):
[09:38:47]   WR(C) > WR(A)                            latent setup helped.
[09:38:47]   WR(C) > WR(B)                            K=4 strategy discovery helped (DAGGER).
[09:38:47]   WR(C, normal) > WR(C, uniform_random)    q_phi beats uniform random z.
[09:38:47]   WR(C, normal) > WR(C, shuffled)          q_phi's state-conditioning matters (not just marginal P(z)).
[09:38:47] 
[09:38:47] ABLATION DETAILS:
[09:38:47]   Compare D and E to C to attribute the gain to persistence vs entropy.
[09:38:47]   WR(F) vs WR(C): Option A (episode-start z) vs Option B (sparse refresh).
[09:38:47] 
[09:38:47] Per-row table for the headline write-up:
[09:38:47]   WR vs no-latent, WR vs K=1, OP4 zero-shot WR, OP5_RUSHER WR, MI(z;opp),
[09:38:47]   MI(z;phase), MI(z;flag_state), forced_z_macro_jsd_mean,
[09:38:47]   latent_behavior_diversity_l2_mean, selected-z occupancy, normal/random/shuffled WR.
