[09:29:45] project root: K:\MultiAgentUAV\AICTFProject
[09:29:45] python:       K:\MultiAgentUAV\AICTFProject\.venv\Scripts\python.exe
[09:29:45] log dir:      K:\MultiAgentUAV\AICTFProject\logs\proof_ladder_20260530_092945
[09:29:45] rows:         6   seeds=0   include_option_a=True
[09:29:45] opp pool:     OP3 OP5 OP6
[09:29:45] eval opps:    OP3 OP4 OP5_RUSHER OP6_TURTLE
[09:29:45] 
[09:29:45] [preflight] verify every --preset resolves
[09:29:45] [preflight] K:\MultiAgentUAV\AICTFProject\.venv\Scripts\python.exe K:\MultiAgentUAV\AICTFProject\logs\proof_ladder_20260530_092945\_preflight_resolve_presets.py plan_faithful_no_latent plan_faithful_latent_k1 plan_faithful_latent_persist_entropy plan_faithful_latent_no_persistence plan_faithful_latent_no_entropy plan_faithful_latent_option_a
[09:29:49] [preflight] OK
[09:29:49] [train] -SkipTrain set; checking which checkpoints already exist
[09:29:49] [B train] MISSING checkpoint: checkpoints\4v4\final_plan_faithful_latent_k1_hardpool_1m_4v4.zip
[09:29:49] [C train] MISSING checkpoint: checkpoints\4v4\final_plan_faithful_latent_persist_entropy_hardpool_1m_4v4.zip
[09:29:49] [D train] MISSING checkpoint: checkpoints\4v4\final_plan_faithful_latent_no_persistence_hardpool_1m_4v4.zip
[09:29:49] [E train] MISSING checkpoint: checkpoints\4v4\final_plan_faithful_latent_no_entropy_hardpool_1m_4v4.zip
[09:29:49] [F train] MISSING checkpoint: checkpoints\4v4\final_plan_faithful_latent_option_a_hardpool_1m_4v4.zip
[09:29:49] [eval] -SkipEval set; skipping
[09:29:49] [MI] -SkipMI set; skipping
[09:29:49] [proof] -SkipProof set; skipping
[09:29:49] 
[09:29:49] ============================== SUMMARY ==============================
[09:29:49] log dir: K:\MultiAgentUAV\AICTFProject\logs\proof_ladder_20260530_092945
[09:29:49] row seed     run_tag                                                    train     eval      MI       
[09:29:49] --- ----     -------                                                    -----     ----      --       
[09:29:49] A   0        plan_faithful_no_latent_hardpool_1m_4v4                    OK        -         -        
[09:29:49] B   0        plan_faithful_latent_k1_hardpool_1m_4v4                    FAIL      -         -        
[09:29:49] C   0        plan_faithful_latent_persist_entropy_hardpool_1m_4v4       FAIL      -         -        
[09:29:49] D   0        plan_faithful_latent_no_persistence_hardpool_1m_4v4        FAIL      -         -        
[09:29:49] E   0        plan_faithful_latent_no_entropy_hardpool_1m_4v4            FAIL      -         -        
[09:29:49] F   0        plan_faithful_latent_option_a_hardpool_1m_4v4              FAIL      -         -        
[09:29:49] proof table: skipped
[09:29:49] =====================================================================
[09:29:49] 
[09:29:49] READ FROM THE PROOF TABLE:
[09:29:49]   WR(C) > WR(A)  =>  latent setup helped.
[09:29:49]   WR(C) > WR(B)  =>  K=4 strategy discovery helped (the DAGGER).
[09:29:49]   Compare D and E to C to attribute the gain to persistence vs entropy.
[09:29:49]   WR(F) vs WR(C): Option A (episode-start z) vs Option B (sparse refresh).
