[PPO] Training preset: 'latent_v3i9_specialist_router'
[PPO] Agents: 4 per team (4v4) | mode=OPPONENT_POOL | run_tag='latent_v3i9_specialist_router_op356_1m_4v4'
[PPO] Algorithm backend: custom local PPO
[PPO] Total timesteps: 1,000,000
[PPO] Input dims: base_global_state_dim=34 temporal_context_dim=170 q_phi_input_dim=170 critic_context_dim=170 actor_input_dim=180
[PPO] Actor CNN feature dim: 128
[PPO] Map set: train
[PPO] Training profile: default latent (Summer implementation)
[PPO] Return normalization: enabled for critic targets/predictions; GAE uses denormalized values.
[PPO] Opponent randomization: enabled (OPPONENT_POOL mode; uniform per completed episode over pool=['OP3', 'OP5', 'OP6']; pre-reset hook — opponent logged for each episode is the one played during that episode).
[PPO] Latent team strategy: enabled (K=4, sample=episode start, on_flag=False, lambda_p=0.0000, lambda_H=0.0030 (H:maximize), lambda_KL=0.0000, strategy_ppo_coef=0.000, episode_credit=True, episode_coef=0.300, episode_warmup_steps=5, aux_return_head=False, aux_return_coef=0.000, tau=1.000, GAE_reset_on_z_change=True, bootstrap_z_deterministic=True)
[PPO] Episode-credit warmup: provisional z drives steps 0..4; committed z + ctx170 snapshot taken at decision step 5 (after EMAs see opponent dynamics).
[PPO] Checkpoint dir: checkpoints\4v4
[PPO] Update metrics CSV: checkpoints\4v4\latent_v3i9_specialist_router_op356_1m_4v4_metrics.csv
[PPO] Episode metrics CSV: checkpoints\4v4\latent_v3i9_specialist_router_op356_1m_4v4_episodes.csv
[PPO] Strategy experience CSV: checkpoints\4v4\latent_v3i9_specialist_router_op356_1m_4v4_strategy_experience.csv
[PPO] Run lock acquired: checkpoints\4v4\latent_v3i9_specialist_router_op356_1m_4v4.run.lock
[PPO] Run config written: checkpoints\4v4\latent_v3i9_specialist_router_op356_1m_4v4_run_config.json
[PPO] Episode stats: every 1000 completed episode(s) print W/L/D and WR (mode=OPPONENT_POOL, scripted opponent tag=randomized pool ['OP3', 'OP5', 'OP6']).
[PPO] Trainer reward target mirrors GPU RewardConfig: dense_weight=0.250, reward_scale=4.000, reward_clip=1.000, stalemate_penalty=-0.080.
[PPO] 4v4: using lr=1.35e-04 for stability.
[PPO] Input dims: base_global_state_dim=34 temporal_context_dim=170 q_phi_input_dim=170 critic_context_dim=170 actor_input_dim=180
[PPO] Decentralized actor contract: per-agent MLP input dim = 180 (cnn 128 + scalars 20 + z_emb 32); global_state_dim=170 is for q_phi/critic only.
[PPO] Critic z contract: context_dim=170 joint_action_onehot_dim=220 z_onehot_dim=4 critic_extra_dim=224 z_present=True
[PPO] Summer-plan audit (latent on): no supervised router labels, no opponent-ID heads, no Gumbel-Softmax, no VAE losses, no handcrafted strategy labels.
[PPO] Summer-plan audit: optional add-ons (aux_return_head, kl_consecutive, resample_on_flag, fixed_latent_strategy) all OFF — plan-faithful first-run.
[PPO] Audit actor_input: cnn(128) + per_agent_vec(20) + z_emb(32) = 180 dim. (no phase_id, no opponent_id, no global_state in actor pathway)
[PPO] Audit aux_phase_head: OFF (latent_strategy_aux_predict_phase_coef=0).
[PPO] Audit opponent_pool (training): ['OP3', 'OP5', 'OP6'] ; OP4 status: EXCLUDED (eval-only)
[PPO|diag] steps=16384 ev=0.000 v_loss=0.918 shape/out=0.001/-0.006 qphi_grad_main=0.00000000 lamH=0.003000 zH=1.385(1.00) z_wr_spread=0.123 z_aux_ret=0.000 z_pi=0.000 z_ratio=0.000 z_occ=[0.275,0.219,0.248,0.258] z_wr=[0.767,0.667,0.689,0.644] MI_z_o=0.0165 MI_z_phase=0.0009 MI_z_flag=0.0012 MI_z_outcome=0.0042 | o2:z_occ=[0.30,0.25,0.26,0.18] z_wr=[1.00,0.93,1.00,1.00] o4:z_occ=[0.27,0.14,0.28,0.31] z_wr=[0.56,0.75,0.41,0.44] o5:z_occ=[0.25,0.24,0.20,0.31] z_wr=[0.57,0.33,0.64,0.57]
      [Switch Near] cap=0.617 kill=0.000 ret=0.300 | div_role=1.341 div_spread=0.817 div_pressure=0.235 div_adr=0.695
      [episode-credit] n_eps=104 pg=0.0000 v=0.0000 adv_std=0.000 kl=0.0000 clip=0.000 ratio=[1.000,1.000] ret_mean=0.000 margin=0.0000 ent_res=0.0000 grad_norm=0.00000000
      [bucket-baseline] mode=opponent n_buckets=0 fallback=0.000 var_reduction=1.000 (R_std=0.000 -> adv_std=0.000) global_mean=0.000
[PPO|return_norm] update=1 mean=-1.2880 std=1.3598 count=16384
[PPO|diag] steps=32768 ev=0.148 v_loss=0.763 shape/out=0.001/-0.008 qphi_grad_main=0.00000000 lamH=0.003000 zH=1.385(1.00) z_wr_spread=0.139 z_aux_ret=0.000 z_pi=0.000 z_ratio=0.000 z_occ=[0.263,0.252,0.250,0.234] z_wr=[0.750,0.614,0.619,0.611] MI_z_o=0.0111 MI_z_phase=0.0013 MI_z_flag=0.0015 MI_z_outcome=0.0019 | o2:z_occ=[0.26,0.25,0.26,0.22] z_wr=[0.94,0.93,1.00,1.00] o4:z_occ=[0.23,0.21,0.28,0.28] z_wr=[0.42,0.29,0.44,0.45] o5:z_occ=[0.31,0.31,0.20,0.18] z_wr=[0.81,0.62,0.33,0.40]
      [Switch Near] cap=0.643 kill=0.000 ret=0.321 | div_role=1.335 div_spread=0.820 div_pressure=0.225 div_adr=0.695
      [episode-credit] n_eps=117 pg=0.0000 v=0.0000 adv_std=0.000 kl=0.0000 clip=0.000 ratio=[1.000,1.000] ret_mean=0.000 margin=0.0000 ent_res=0.0000 grad_norm=0.00000000
      [bucket-baseline] mode=opponent n_buckets=0 fallback=0.000 var_reduction=1.000 (R_std=0.000 -> adv_std=0.000) global_mean=0.000
[PPO|return_norm] update=2 mean=-1.6396 std=1.4238 count=32768
[PPO|diag] steps=49152 ev=0.312 v_loss=0.624 shape/out=0.003/-0.001 qphi_grad_main=0.00000000 lamH=0.003000 zH=1.385(1.00) z_wr_spread=0.119 z_aux_ret=0.000 z_pi=0.000 z_ratio=0.000 z_occ=[0.287,0.229,0.243,0.241] z_wr=[0.778,0.683,0.684,0.659] MI_z_o=0.0025 MI_z_phase=0.0027 MI_z_flag=0.0032 MI_z_outcome=0.0007 | o2:z_occ=[0.26,0.24,0.24,0.26] z_wr=[1.00,1.00,1.00,1.00] o4:z_occ=[0.30,0.24,0.24,0.22] z_wr=[0.36,0.46,0.27,0.42] o5:z_occ=[0.31,0.20,0.25,0.24] z_wr=[0.93,0.54,0.88,0.59]
      [Switch Near] cap=0.621 kill=0.000 ret=0.336 | div_role=1.340 div_spread=0.826 div_pressure=0.225 div_adr=0.695
      [episode-credit] n_eps=112 pg=0.0000 v=0.0000 adv_std=0.000 kl=0.0000 clip=0.000 ratio=[1.000,1.000] ret_mean=0.000 margin=0.0000 ent_res=0.0000 grad_norm=0.00000000
      [bucket-baseline] mode=opponent n_buckets=0 fallback=0.000 var_reduction=1.000 (R_std=0.000 -> adv_std=0.000) global_mean=0.000
[PPO|return_norm] update=3 mean=-1.8313 std=1.4729 count=49152
[PPO] Periodic checkpoint saved: checkpoints\4v4\ckpt_latent_v3i9_specialist_router_op356_1m_4v4_50000.zip
[PPO|diag] steps=65536 ev=0.389 v_loss=0.597 shape/out=-0.001/-0.011 qphi_grad_main=0.02068092 lamH=0.003000 zH=1.385(1.00) z_wr_spread=0.154 z_aux_ret=0.000 z_pi=-0.007 z_ratio=0.120 z_occ=[0.250,0.255,0.224,0.271] z_wr=[0.587,0.692,0.538,0.692] MI_z_o=0.0198 MI_z_phase=0.0024 MI_z_flag=0.0022 MI_z_outcome=0.0057 | o2:z_occ=[0.20,0.27,0.22,0.31] z_wr=[1.00,0.92,1.00,0.93] o4:z_occ=[0.28,0.16,0.23,0.33] z_wr=[0.40,0.50,0.37,0.45] o5:z_occ=[0.27,0.32,0.22,0.19] z_wr=[0.44,0.63,0.45,0.62]
      [Switch Near] cap=0.669 kill=0.000 ret=0.339 | div_role=1.333 div_spread=0.814 div_pressure=0.218 div_adr=0.693
      [episode-credit] n_eps=111 pg=-0.0068 v=4.6174 adv_std=1.000 kl=0.0077 clip=0.009 ratio=[0.808,1.207] ret_mean=-6.155 margin=-0.0033 ent_res=1.3772 grad_norm=0.02068092
      [bucket-baseline] mode=opponent n_buckets=3 fallback=0.000 var_reduction=0.993 (R_std=2.767 -> adv_std=2.748) global_mean=-6.155
[PPO|return_norm] update=4 mean=-1.9995 std=1.5297 count=65536
[PPO|diag] steps=81920 ev=0.524 v_loss=0.476 shape/out=0.002/-0.005 qphi_grad_main=0.20657006 lamH=0.003000 zH=1.374(0.99) z_wr_spread=0.200 z_aux_ret=0.000 z_pi=0.030 z_ratio=0.556 z_occ=[0.268,0.203,0.329,0.199] z_wr=[0.684,0.559,0.759,0.714] MI_z_o=0.0234 MI_z_phase=0.0033 MI_z_flag=0.0044 MI_z_outcome=0.0057 | o2:z_occ=[0.34,0.17,0.35,0.14] z_wr=[0.95,1.00,1.00,1.00] o4:z_occ=[0.20,0.17,0.34,0.30] z_wr=[0.33,0.40,0.56,0.50] o5:z_occ=[0.24,0.28,0.30,0.18] z_wr=[0.46,0.44,0.65,0.67]
      [Switch Near] cap=0.649 kill=0.000 ret=0.324 | div_role=1.331 div_spread=0.818 div_pressure=0.226 div_adr=0.699
      [episode-credit] n_eps=108 pg=0.0298 v=11.3079 adv_std=1.000 kl=0.1423 clip=0.667 ratio=[0.380,1.946] ret_mean=-5.705 margin=0.0177 ent_res=1.1848 grad_norm=0.20657006
      [bucket-baseline] mode=opponent n_buckets=3 fallback=0.000 var_reduction=0.981 (R_std=2.825 -> adv_std=2.771) global_mean=-6.110
