============================= test session starts =============================
platform win32 -- Python 3.12.4, pytest-9.0.2, pluggy-1.6.0
rootdir: K:\MultiAgentUAV\AICTFProject
plugins: anyio-4.12.1, base-url-2.1.0, cov-7.0.0, playwright-0.7.2
collected 234 items / 82 deselected / 152 selected

tests\test_behavior_telemetry.py ......                                  [  3%]
tests\test_custom_ppo_policy_parity.py .                                 [  4%]
tests\test_diagnose_run.py .                                             [  5%]
tests\test_e3_baseline_parity.py .                                       [  5%]
tests\test_e3_rng_verification.py ...                                    [  7%]
tests\test_environment.py .                                              [  8%]
tests\test_eval_strategy_metrics.py ......                               [ 12%]
tests\test_game_manager_refactored.py .                                  [ 13%]
tests\test_latent_core_import_graph.py .                                 [ 13%]
tests\test_latent_losses.py ...................                          [ 26%]
tests\test_latent_phase_labels.py ......                                 [ 30%]
tests\test_latent_strategy_alignment.py ..........                       [ 36%]
tests\test_latent_strategy_canonicalization.py ...........               [ 44%]
tests\test_op35_latent_matrix.py ..........                              [ 50%]
tests\test_operational_gap_guards.py .                                   [ 51%]
tests\test_option_advantage.py .....                                     [ 54%]
tests\test_option_returns.py ......                                      [ 58%]
tests\test_ppo.py ..                                                     [ 59%]
tests\test_preset_resolution.py ..                                       [ 61%]
tests\test_refactor_parity.py .                                          [ 61%]
tests\test_rollout_buffer.py ..                                          [ 63%]
tests\test_shared_actor_composition.py ..........                        [ 69%]
tests\test_strategy_aux_head_separation.py .............                 [ 78%]
tests\test_train_ppo_smoke.py .................................          [100%]

===================== 152 passed, 82 deselected in 51.86s =====================
